// Jest Snapshot v1, https://goo.gl/fbAQLP

exports[`Markdown page renders correctly 1`] = `
"<Markdown content=\\"\\\\nWelcome to the Source Academy playground!\\\\n\\\\nThe language _Source_ is the official language of the textbook [_Structure and\\\\nInterpretation of Computer Programs, JavaScript Adaptation_](https://sicp.comp.nus.edu.sg/).\\\\nYou have never heard of Source? No worries! It was invented just for the purpose\\\\nof the book. Source is a sublanguage of ECMAScript 2016 (7th edition) and defined\\\\nin [the documents titled _\\"Source §x\\"_](https://sicp.comp.nus.edu.sg/source/), where x\\\\nrefers to the respective textbook chapter. For example, Source §3 is\\\\nsuitable for textbook chapter 3 and the preceeding chapters.\\\\n\\\\nThe playground comes with an editor and a REPL, on the left and right of the\\\\nscreen, respectively. You may customise the layout of the playground by\\\\nclicking and dragging on the right border of the editor, or the top border of\\\\nthe REPL.\\\\n\\\\n\\\\nIn Source §1, you can use all features introduced in chapter 1 of the textbook. \\\\nYou are allowed to use the RUNES and CURVES external libraries in Source §1. \\\\nYou may refer to [_Source §1 specifications_](https://sicp.comp.nus.edu.sg/source/source_1/) for more details. \\" openLinksInNewWindow={true}>
  <div className=\\"md bp3-running-text\\" dangerouslySetInnerHTML={{...}} />
</Markdown>"
`;
